templated manifests should match snapshot:
  1: |
    apiVersion: cert-manager.io/v1
    kind: Certificate
    metadata:
      labels:
        app.kubernetes.io/instance: RELEASE-NAME
        app.kubernetes.io/managed-by: Helm
        app.kubernetes.io/name: azimuth-identity-operator
        app.kubernetes.io/version: main
        helm.sh/chart: azimuth-identity-operator-0.1.0
      name: release-name-azimuth-identity-operator-tls
    spec:
      dnsNames:
        - foo.example.com
      issuerRef:
        kind: ClusterIssuer
        name: some-issuer-name
      secretName: release-name-azimuth-identity-operator-tls
  2: |
    apiVersion: rbac.authorization.k8s.io/v1
    kind: ClusterRole
    metadata:
      labels:
        app.kubernetes.io/instance: RELEASE-NAME
        app.kubernetes.io/managed-by: Helm
        app.kubernetes.io/name: azimuth-identity-operator
        app.kubernetes.io/version: main
        helm.sh/chart: azimuth-identity-operator-0.1.0
      name: release-name-azimuth-identity-operator
    rules:
      - apiGroups:
          - apiextensions.k8s.io
        resources:
          - customresourcedefinitions
        verbs:
          - list
          - get
          - watch
          - create
      - apiGroups:
          - apiextensions.k8s.io
        resourceNames:
          - oidcclients.identity.azimuth.stackhpc.com
          - platforms.identity.azimuth.stackhpc.com
          - realms.identity.azimuth.stackhpc.com
        resources:
          - customresourcedefinitions
        verbs:
          - update
          - patch
      - apiGroups:
          - ""
        resources:
          - namespaces
        verbs:
          - list
          - watch
      - apiGroups:
          - ""
          - events.k8s.io
        resources:
          - events
        verbs:
          - create
      - apiGroups:
          - identity.azimuth.stackhpc.com
        resources:
          - '*'
        verbs:
          - '*'
      - apiGroups:
          - ""
        resources:
          - secrets
        verbs:
          - '*'
      - apiGroups:
          - networking.k8s.io
        resources:
          - ingresses
          - networkpolicies
        verbs:
          - '*'
      - apiGroups:
          - apps
        resources:
          - deployments
        verbs:
          - '*'
      - apiGroups:
          - autoscaling
        resources:
          - horizontalpodautoscalers
        verbs:
          - '*'
      - apiGroups:
          - policy
        resources:
          - poddisruptionbudgets
        verbs:
          - '*'
      - apiGroups:
          - rbac.authorization.k8s.io
        resources:
          - roles
          - rolebindings
          - clusterroles
          - clusterrolebindings
        verbs:
          - '*'
      - apiGroups:
          - ""
        resources:
          - services
          - serviceaccounts
        verbs:
          - '*'
      - apiGroups:
          - monitoring.coreos.com
        resources:
          - servicemonitors
        verbs:
          - '*'
  3: |
    apiVersion: rbac.authorization.k8s.io/v1
    kind: ClusterRoleBinding
    metadata:
      labels:
        app.kubernetes.io/instance: RELEASE-NAME
        app.kubernetes.io/managed-by: Helm
        app.kubernetes.io/name: azimuth-identity-operator
        app.kubernetes.io/version: main
        helm.sh/chart: azimuth-identity-operator-0.1.0
      name: release-name-azimuth-identity-operator
    roleRef:
      apiGroup: rbac.authorization.k8s.io
      kind: ClusterRole
      name: release-name-azimuth-identity-operator
    subjects:
      - kind: ServiceAccount
        name: release-name-azimuth-identity-operator
        namespace: NAMESPACE
  4: |
    apiVersion: apps/v1
    kind: Deployment
    metadata:
      labels:
        app.kubernetes.io/instance: RELEASE-NAME
        app.kubernetes.io/managed-by: Helm
        app.kubernetes.io/name: azimuth-identity-operator
        app.kubernetes.io/version: main
        helm.sh/chart: azimuth-identity-operator-0.1.0
      name: release-name-azimuth-identity-operator
    spec:
      replicas: 1
      selector:
        matchLabels:
          app.kubernetes.io/instance: RELEASE-NAME
          app.kubernetes.io/name: azimuth-identity-operator
      strategy:
        type: Recreate
      template:
        metadata:
          annotations:
            azimuth.stackhpc.com/config-hash: 01bee925bdf72223ddf527cfd68297701a65cbb1e37a04f17e798a6cb97f633a
          labels:
            app.kubernetes.io/instance: RELEASE-NAME
            app.kubernetes.io/name: azimuth-identity-operator
        spec:
          containers:
            - image: ghcr.io/azimuth-cloud/azimuth-identity-operator:main
              imagePullPolicy: IfNotPresent
              name: operator
              ports:
                - containerPort: 8080
                  name: metrics
                  protocol: TCP
              resources: {}
              securityContext:
                allowPrivilegeEscalation: false
                capabilities:
                  drop:
                    - ALL
                readOnlyRootFilesystem: true
              volumeMounts:
                - mountPath: /etc/azimuth
                  name: etc-azimuth
                  readOnly: true
                - mountPath: /tmp
                  name: tmp
          securityContext:
            runAsNonRoot: true
          serviceAccountName: release-name-azimuth-identity-operator
          volumes:
            - name: etc-azimuth
              secret:
                secretName: release-name-azimuth-identity-operator
            - emptyDir: {}
              name: tmp
  5: |
    apiVersion: v1
    kind: Secret
    metadata:
      labels:
        app.kubernetes.io/instance: RELEASE-NAME
        app.kubernetes.io/managed-by: Helm
        app.kubernetes.io/name: azimuth-identity-operator
        app.kubernetes.io/version: main
        helm.sh/chart: azimuth-identity-operator-0.1.0
      name: release-name-azimuth-identity-operator
    stringData:
      defaults.yaml: |
        easykubeFieldManager: release-name-azimuth-identity-operator
        dex:
          tlsSecret:
            name: release-name-azimuth-identity-operator-tls
            namespace: NAMESPACE
      identity-operator.yaml: |
        !include "/etc/azimuth/defaults.yaml,/etc/azimuth/user-config.yaml"
      user-config.yaml: |
        dex:
          host: foo.example.com
  6: |
    apiVersion: v1
    kind: Service
    metadata:
      labels:
        app.kubernetes.io/instance: RELEASE-NAME
        app.kubernetes.io/managed-by: Helm
        app.kubernetes.io/name: azimuth-identity-operator
        app.kubernetes.io/version: main
        helm.sh/chart: azimuth-identity-operator-0.1.0
      name: release-name-azimuth-identity-operator
    spec:
      ports:
        - name: metrics
          port: 8080
          protocol: TCP
          targetPort: metrics
      selector:
        app.kubernetes.io/instance: RELEASE-NAME
        app.kubernetes.io/name: azimuth-identity-operator
      type: ClusterIP
  7: |
    apiVersion: v1
    kind: ServiceAccount
    metadata:
      labels:
        app.kubernetes.io/instance: RELEASE-NAME
        app.kubernetes.io/managed-by: Helm
        app.kubernetes.io/name: azimuth-identity-operator
        app.kubernetes.io/version: main
        helm.sh/chart: azimuth-identity-operator-0.1.0
      name: release-name-azimuth-identity-operator
